
================================================================================
文件: 8#煤防灭火系统图（7月份）.dxf
处理时间: 2.63 秒
================================================================================

[清洗统计]
外部参照绑定                         = 0
块打散                            = 88
表格打散                           = 0
填充打散                           = 336
多行文本转单行                        = 586
左对齐                            = 0
字体样式                           = 8
高度按宽度因子换算                      = 45
多段线打断                          = 2147
删除短线段                          = 766
厚度归零                           = 0
重复实体删除                         = 1086
空图层删除                          = 12
关闭/冻结/锁定图层实体删除                 = 5525
图层移除                           = 41
无法引用参照块删除                      = 0
无用块清理                          = 140
