
================================================================================
文件: 新大地工业广场平面图1000（202509）(1).dxf
处理时间: 3.20 秒
================================================================================

[清洗统计]
外部参照绑定                         = 0
块打散                            = 46
表格打散                           = 0
填充打散                           = 2
多行文本转单行                        = 1
左对齐                            = 1
字体样式                           = 5
高度按宽度因子换算                      = 53
多段线打断                          = 1064
删除短线段                          = 88
厚度归零                           = 0
重复实体删除                         = 1
空图层删除                          = 5
关闭/冻结/锁定图层实体删除                 = 0
图层移除                           = 0
无法引用参照块删除                      = 0
无用块清理                          = 5
