
================================================================================
文件: 保安煤业15号煤采掘工程平面图(5).dxf
处理时间: 14.48 秒
================================================================================

[清洗统计]
外部参照绑定                         = 0
块打散                            = 2451
表格打散                           = 0
填充打散                           = 3208
多行文本转单行                        = 333
左对齐                            = 1192
字体样式                           = 9
高度按宽度因子换算                      = 1648
多段线打断                          = 10287
删除短线段                          = 82472
厚度归零                           = 0
重复实体删除                         = 5378
空图层删除                          = 30
关闭/冻结/锁定图层实体删除                 = 0
图层移除                           = 0
无法引用参照块删除                      = 0
无用块清理                          = 152
