
================================================================================
文件: 新大地8号煤有线通讯系统图(1).dxf
处理时间: 1.36 秒
================================================================================

[清洗统计]
外部参照绑定                         = 0
块打散                            = 77
表格打散                           = 0
填充打散                           = 124
多行文本转单行                        = 0
左对齐                            = 0
字体样式                           = 6
高度按宽度因子换算                      = 3
多段线打断                          = 1640
删除短线段                          = 1259
厚度归零                           = 0
重复实体删除                         = 200
空图层删除                          = 5
关闭/冻结/锁定图层实体删除                 = 0
图层移除                           = 0
无法引用参照块删除                      = 0
无用块清理                          = 7
