
================================================================================
文件: 2021.10.05鹤煤公司苏家沟煤矿安全监测监控图10.1.dxf
处理时间: 135.64 秒
================================================================================

[清洗统计]
外部参照绑定                         = 0
块打散                            = 2
表格打散                           = 0
填充打散                           = 46
多行文本转单行                        = 563
左对齐                            = 4
字体样式                           = 17
高度按宽度因子换算                      = 76
多段线打断                          = 580
删除短线段                          = 28
厚度归零                           = 77
重复实体删除                         = 2316
空图层删除                          = 9
关闭/冻结/锁定图层实体删除                 = 0
图层移除                           = 0
无法引用参照块删除                      = 0
无用块清理                          = 16
