
================================================================================
文件: 矿井水文地质剖面图(2025.05).dxf
处理时间: 1.39 秒
================================================================================

[清洗统计]
外部参照绑定                         = 0
块打散                            = 0
表格打散                           = 0
填充打散                           = 560
多行文本转单行                        = 246
左对齐                            = 0
字体样式                           = 3
高度按宽度因子换算                      = 0
多段线打断                          = 659
删除短线段                          = 69
厚度归零                           = 0
重复实体删除                         = 494
空图层删除                          = 0
关闭/冻结/锁定图层实体删除                 = 0
图层移除                           = 0
无法引用参照块删除                      = 0
无用块清理                          = 0
