
================================================================================
文件: 新大地通风立体示意图(7月份).dxf
处理时间: 1.15 秒
================================================================================

[清洗统计]
外部参照绑定                         = 0
块打散                            = 1
表格打散                           = 0
填充打散                           = 335
多行文本转单行                        = 3
左对齐                            = 13
字体样式                           = 9
高度按宽度因子换算                      = 0
多段线打断                          = 84
删除短线段                          = 253
厚度归零                           = 0
重复实体删除                         = 17
空图层删除                          = 63
关闭/冻结/锁定图层实体删除                 = 83
图层移除                           = 1
无法引用参照块删除                      = 0
无用块清理                          = 11

[警告信息] (2 条)
  1. 表格打散失败: 'AcadTableBlockContent' object has no attribute 'get_layout'
  2. 表格打散失败: 'AcadTableBlockContent' object has no attribute 'get_layout'

================================================================================
文件: 新大地通风网络图(7月份).dxf
处理时间: 0.15 秒
================================================================================

[清洗统计]
外部参照绑定                         = 0
块打散                            = 0
表格打散                           = 0
填充打散                           = 54
多行文本转单行                        = 185
左对齐                            = 0
字体样式                           = 2
高度按宽度因子换算                      = 0
多段线打断                          = 52
删除短线段                          = 0
厚度归零                           = 0
重复实体删除                         = 189
空图层删除                          = 1
关闭/冻结/锁定图层实体删除                 = 0
图层移除                           = 0
无法引用参照块删除                      = 0
无用块清理                          = 1
