
================================================================================
文件: 新大地公司井下供电系统图 - 副本.dxf
处理时间: 2.50 秒
================================================================================

[清洗统计]
外部参照绑定                         = 0
块打散                            = 321
表格打散                           = 0
填充打散                           = 297
多行文本转单行                        = 33
左对齐                            = 0
字体样式                           = 10
高度按宽度因子换算                      = 0
多段线打断                          = 1280
删除短线段                          = 11
厚度归零                           = 0
重复实体删除                         = 66
空图层删除                          = 3
关闭/冻结/锁定图层实体删除                 = 0
图层移除                           = 0
无法引用参照块删除                      = 0
无用块清理                          = 182
