
================================================================================
文件: 15#煤采掘工程平面图5000（12月份） .dxf
处理时间: 124.88 秒
================================================================================

[清洗统计]
外部参照绑定                         = 0
块打散                            = 2452
表格打散                           = 0
填充打散                           = 4953
多行文本转单行                        = 79
左对齐                            = 0
字体样式                           = 10
高度按宽度因子换算                      = 52
多段线打断                          = 19725
删除短线段                          = 94900
厚度归零                           = 0
重复实体删除                         = 10042
空图层删除                          = 15
关闭/冻结/锁定图层实体删除                 = 0
图层移除                           = 0
无法引用参照块删除                      = 0
无用块清理                          = 587
