
================================================================================
文件: 3煤采掘工程平面图（2026.6.30）.dxf
处理时间: 302.72 秒
================================================================================

[清洗统计]
外部参照绑定                         = 0
块打散                            = 4289
表格打散                           = 0
填充打散                           = 1200
多行文本转单行                        = 280
左对齐                            = 110
字体样式                           = 13
高度按宽度因子换算                      = 33
多段线打断                          = 27663
删除短线段                          = 22790
厚度归零                           = 9
重复实体删除                         = 67622
空图层删除                          = 29
关闭/冻结/锁定图层实体删除                 = 2972
图层移除                           = 2
无法引用参照块删除                      = 0
无用块清理                          = 1228
