
================================================================================
文件: 6#煤采掘工程平面图（2025.05）.dxf
处理时间: 82.92 秒
================================================================================

[清洗统计]
外部参照绑定                         = 0
块打散                            = 215
表格打散                           = 0
填充打散                           = 182
多行文本转单行                        = 265
左对齐                            = 173
字体样式                           = 17
高度按宽度因子换算                      = 365
多段线打断                          = 837
删除短线段                          = 90743
厚度归零                           = 615
重复实体删除                         = 20194
空图层删除                          = 53
关闭/冻结/锁定图层实体删除                 = 0
图层移除                           = 0
无法引用参照块删除                      = 0
无用块清理                          = 55
