
================================================================================
文件: justify_test.dxf
处理时间: 0.06 秒
================================================================================

[清洗统计]
外部参照绑定                         = 0
块打散                            = 0
表格打散                           = 0
填充打散                           = 0
多行文本转单行                        = 1
左对齐                            = 5
字体样式                           = 2
高度按宽度因子换算                      = 6
多段线打断                          = 0
删除短线段                          = 0
厚度归零                           = 0
重复实体删除                         = 0
空图层删除                          = 0
关闭/冻结/锁定图层实体删除                 = 0
图层移除                           = 0
无法引用参照块删除                      = 0
无用块清理                          = 0
