
================================================================================
文件: 井上、下配电系统图.dxf
处理时间: 3.32 秒
================================================================================

[清洗统计]
外部参照绑定                         = 0
块打散                            = 2
表格打散                           = 0
填充打散                           = 210
多行文本转单行                        = 1875
左对齐                            = 27
字体样式                           = 7
高度按宽度因子换算                      = 241
多段线打断                          = 281
删除短线段                          = 267
厚度归零                           = 0
重复实体删除                         = 3578
空图层删除                          = 1
关闭/冻结/锁定图层实体删除                 = 0
图层移除                           = 0
无法引用参照块删除                      = 0
无用块清理                          = 1
