
================================================================================
文件: 程庄煤矿9月9#层采掘工程平面图1：5000(1).dxf
处理时间: 18.20 秒
================================================================================

[清洗统计]
外部参照绑定                         = 0
块打散                            = 907
表格打散                           = 0
填充打散                           = 4673
多行文本转单行                        = 250
左对齐                            = 1
字体样式                           = 9
高度按宽度因子换算                      = 436
多段线打断                          = 20286
删除短线段                          = 29340
厚度归零                           = 0
重复实体删除                         = 4589
空图层删除                          = 12
关闭/冻结/锁定图层实体删除                 = 0
图层移除                           = 0
无法引用参照块删除                      = 0
无用块清理                          = 33
