
================================================================================
文件: 安全监控布置图(1).dxf
处理时间: 2.61 秒
================================================================================

[清洗统计]
外部参照绑定                         = 0
块打散                            = 268
表格打散                           = 0
填充打散                           = 74
多行文本转单行                        = 726
左对齐                            = 86
字体样式                           = 10
高度按宽度因子换算                      = 212
多段线打断                          = 1096
删除短线段                          = 82
厚度归零                           = 816
重复实体删除                         = 726
空图层删除                          = 1
关闭/冻结/锁定图层实体删除                 = 0
图层移除                           = 0
无法引用参照块删除                      = 0
无用块清理                          = 5
