
================================================================================
文件: JKYHMKA01A01yh3m.dxf
处理时间: 137.67 秒
================================================================================

[清洗统计]
外部参照绑定                         = 0
块打散                            = 0
表格打散                           = 0
填充打散                           = 860
多行文本转单行                        = 0
左对齐                            = 8932
字体样式                           = 3
高度按宽度因子换算                      = 33
多段线打断                          = 0
删除短线段                          = 7171
厚度归零                           = 0
重复实体删除                         = 14556
空图层删除                          = 2
关闭/冻结/锁定图层实体删除                 = 0
图层移除                           = 0
无法引用参照块删除                      = 0
无用块清理                          = 5
