================================================================================
DXF 批量处理汇总日志
生成时间: 2026-08-21 16:02:56
================================================================================

总文件数: 1
成功处理: 1
失败数量: 0
成功率: 100.0%

================================================================================
总计清洗统计
================================================================================
外部参照绑定                         = 0
块打散                            = 5732
表格打散                           = 0
填充打散                           = 146
多行文本转单行                        = 233
左对齐                            = 832
字体样式                           = 28
高度按宽度因子换算                      = 798
多段线打断                          = 6528
删除短线段                          = 118031
厚度归零                           = 337
重复实体删除                         = 9936
空图层删除                          = 52
关闭/冻结/锁定图层实体删除                 = 42
图层移除                           = 1
无法引用参照块删除                      = 0
无用块清理                          = 89
警告数                            = 0

================================================================================
各文件详细统计
================================================================================

--- 千树塔井上下对照图（2025.04）.dxf ---
  处理时间                      = 60.92s
  外部参照绑定                    = 0
  块打散                       = 5732
  表格打散                      = 0
  填充打散                      = 146
  多行文本转单行                   = 233
  左对齐                       = 832
  字体样式                      = 28
  高度按宽度因子换算                 = 798
  多段线打断                     = 6528
  删除短线段                     = 118031
  厚度归零                      = 337
  重复实体删除                    = 9936
  空图层删除                     = 52
  关闭/冻结/锁定图层实体删除            = 42
  图层移除                      = 1
  无法引用参照块删除                 = 0
  无用块清理                     = 89

