================================================================================
DXF 批量处理汇总日志
生成时间: 2026-08-21 17:17:52
================================================================================

总文件数: 1
成功处理: 1
失败数量: 0
成功率: 100.0%

================================================================================
总计清洗统计
================================================================================
外部参照绑定                         = 0
块打散                            = 204
表格打散                           = 0
填充打散                           = 159140
多行文本转单行                        = 0
左对齐                            = 0
字体样式                           = 4
高度按宽度因子换算                      = 0
多段线打断                          = 94784
删除短线段                          = 3867131
厚度归零                           = 0
重复实体删除                         = 4
空图层删除                          = 1
关闭/冻结/锁定图层实体删除                 = 0
图层移除                           = 0
无法引用参照块删除                      = 0
无用块清理                          = 204
警告数                            = 0

================================================================================
各文件详细统计
================================================================================

--- 兴安煤矿二水平3-13煤岩对比图001.dxf ---
  处理时间                      = 178.84s
  外部参照绑定                    = 0
  块打散                       = 204
  表格打散                      = 0
  填充打散                      = 159140
  多行文本转单行                   = 0
  左对齐                       = 0
  字体样式                      = 4
  高度按宽度因子换算                 = 0
  多段线打断                     = 94784
  删除短线段                     = 3867131
  厚度归零                      = 0
  重复实体删除                    = 4
  空图层删除                     = 1
  关闭/冻结/锁定图层实体删除            = 0
  图层移除                      = 0
  无法引用参照块删除                 = 0
  无用块清理                     = 204

