================================================================================
DXF 批量处理汇总日志
生成时间: 2026-08-21 15:47:47
================================================================================

总文件数: 1
成功处理: 1
失败数量: 0
成功率: 100.0%

================================================================================
总计清洗统计
================================================================================
外部参照绑定                         = 0
块打散                            = 2451
表格打散                           = 0
填充打散                           = 3208
多行文本转单行                        = 333
左对齐                            = 1192
字体样式                           = 9
高度按宽度因子换算                      = 1648
多段线打断                          = 10287
删除短线段                          = 82472
厚度归零                           = 0
重复实体删除                         = 5378
空图层删除                          = 30
关闭/冻结/锁定图层实体删除                 = 0
图层移除                           = 0
无法引用参照块删除                      = 0
无用块清理                          = 152
警告数                            = 0

================================================================================
各文件详细统计
================================================================================

--- 保安煤业15号煤采掘工程平面图(5).dxf ---
  处理时间                      = 193.58s
  外部参照绑定                    = 0
  块打散                       = 2451
  表格打散                      = 0
  填充打散                      = 3208
  多行文本转单行                   = 333
  左对齐                       = 1192
  字体样式                      = 9
  高度按宽度因子换算                 = 1648
  多段线打断                     = 10287
  删除短线段                     = 82472
  厚度归零                      = 0
  重复实体删除                    = 5378
  空图层删除                     = 30
  关闭/冻结/锁定图层实体删除            = 0
  图层移除                      = 0
  无法引用参照块删除                 = 0
  无用块清理                     = 152

